shacmp.o _Z5usagev
shacmp.o main
sha.o _Z5usagev
sha.o main
sha1.o _ZN4SHA1D2Ev
sha1.o _ZN4SHA1D0Ev
sha1.o _ZN4SHA1C2Ev
sha1.o _ZN4SHA15ResetEv
sha1.o _ZN4SHA119ProcessMessageBlockEv
sha1.o _ZN4SHA15InputEPKhj
sha1.o _ZN4SHA1lsEh
sha1.o _ZN4SHA1lsEc
sha1.o _ZN4SHA15InputEc
sha1.o _ZN4SHA1lsEPKc
sha1.o _ZN4SHA15InputEh
sha1.o _ZN4SHA1lsEPKh
sha1.o _ZN4SHA15InputEPKcj
sha1.o _ZN4SHA110PadMessageEv
sha1.o _ZN4SHA16ResultEPj
sha1.o _ZN4SHA1D1Ev
sha1.o _ZN4SHA1C1Ev
shatest.o _GLOBAL__sub_I_main
shatest.o _Z20DisplayMessageDigestPj
shatest.o main
