qemu: number of fetched instructions on CPU #0 = 586647557
vma              samples   %       linenr_info                    image_name                     symbol_name
000000400122ef00 167773225 29.0136 (no localization information)  libc-2.14.1.so                 _IO_getc
000000400122e700 159383590 27.5627 (no localization information)  libc-2.14.1.so                 feof
0000000000400da0 153094432 26.4751 (no localization information)  sha                            _ZN4SHA119ProcessMessageBlockEv.constprop.7.2094
0000000000400850 96666008  16.7168 (no localization information)  sha                            main
000000400080a930 531220    0.0919  (no localization information)  ld-2.14.1.so                   _dl_lookup_symbol_x
000000400080a150 262301    0.0454  (no localization information)  ld-2.14.1.so                   do_lookup_x
000000400080bfc0 205322    0.0355  (no localization information)  ld-2.14.1.so                   _dl_relocate_object
0000004000817cc0 115473    0.0200  (no localization information)  ld-2.14.1.so                   strcmp
0000004000809fa0 63214     0.0109  (no localization information)  ld-2.14.1.so                   check_match.10801
0000004001232bf0 41005     0.0071  (no localization information)  libc-2.14.1.so                 _IO_new_file_underflow
0000004001233bc0 25624     0.0044  (no localization information)  libc-2.14.1.so                 __uflow
0000004001233a20 20500     0.0035  (no localization information)  libc-2.14.1.so                 _IO_switch_to_get_mode_internal
0000004001233d80 12296     0.0021  (no localization information)  libc-2.14.1.so                 _IO_default_uflow_internal
000000400128d160 7175      0.0012  (no localization information)  libc-2.14.1.so                 __GI___read
0000004001233050 6150      0.0011  (no localization information)  libc-2.14.1.so                 _IO_file_read_internal
000000400080fe80 4676      0.0008  (no localization information)  ld-2.14.1.so                   _dl_name_match_p
0000004000809f30 4124      0.0007  (no localization information)  ld-2.14.1.so                   enter.10849
0000004000809890 3631      0.0006  (no localization information)  ld-2.14.1.so                   _dl_cache_libcmp
0000004000807080 3500      0.0006  (no localization information)  ld-2.14.1.so                   _dl_map_object_from_fd
0000004000810360 3289      0.0006  (no localization information)  ld-2.14.1.so                   _dl_check_map_versions
000000400080d0b0 2389      0.0004  (no localization information)  ld-2.14.1.so                   _dl_map_object_deps
0000004000808e30 1992      0.0003  (no localization information)  ld-2.14.1.so                   _dl_map_object
000000400080ff60 1626      0.0003  (no localization information)  ld-2.14.1.so                   match_symbol
00000040012047e0 1453      0.0003  (no localization information)  libc-2.14.1.so                 vfprintf
0000004000817fb0 1381      0.0002  (no localization information)  ld-2.14.1.so                   bcmp
0000004000809980 1151      0.0002  (no localization information)  ld-2.14.1.so                   _dl_load_cache_lookup
0000004000817dd0 1041      0.0002  (no localization information)  ld-2.14.1.so                   strlen
000000400080e170 1032      0.0002  (no localization information)  ld-2.14.1.so                   _dl_fixup
00000040008032e0 1021      0.0002  (no localization information)  ld-2.14.1.so                   dl_main
0000004000806640 1003      0.0002  (no localization information)  ld-2.14.1.so                   open_verify
0000004000815a60 1002      0.0002  (no localization information)  ld-2.14.1.so                   __libc_memalign
00000040012320f0 935       0.0002  (no localization information)  libc-2.14.1.so                 _IO_new_file_xsputn
000000400080b9b0 884       0.0002  (no localization information)  ld-2.14.1.so                   _dl_new_object
0000004000818640 833       0.0001  (no localization information)  ld-2.14.1.so                   memset
0000004000805b80 801       0.0001  (no localization information)  ld-2.14.1.so                   _dl_start
0000004000818b90 710       0.0001  (no localization information)  ld-2.14.1.so                   __mempcpy
0000004000806b70 709       0.0001  (no localization information)  ld-2.14.1.so                   open_path
0000004000818dc0 676       0.0001  (no localization information)  ld-2.14.1.so                   memcpy
0000004000816010 634       0.0001  (no localization information)  ld-2.14.1.so                   __strsep_g
00000040008159b0 594       0.0001  (no localization information)  ld-2.14.1.so                   _dl_next_ld_env_entry
0000004000814be0 558       0.0001  (no localization information)  ld-2.14.1.so                   _dl_sysdep_start
0000004000817c40 517       0.0001  (no localization information)  ld-2.14.1.so                   index
00000040008089b0 400       0.0001  (no localization information)  ld-2.14.1.so                   _dl_init_paths
000000400080ebd0 396       0.0001  (no localization information)  ld-2.14.1.so                   _dl_catch_error
000000400080efa0 383       0.0001  (no localization information)  ld-2.14.1.so                   _dl_sort_fini
00000040012045d0 367       0.0001  (no localization information)  libc-2.14.1.so                 _itoa_word
000000400080f1b0 344       0.0001  (no localization information)  ld-2.14.1.so                   _dl_fini
0000004000811780 325       0.0001  (no localization information)  ld-2.14.1.so                   _dl_allocate_tls_storage
00000040011f7cc0 253       0.0000  (no localization information)  libc-2.14.1.so                 __cxa_finalize
0000004000814470 252       0.0000  (no localization information)  ld-2.14.1.so                   _dl_runtime_resolve
0000004000815060 251       0.0000  (no localization information)  ld-2.14.1.so                   _dl_important_hwcaps
000000400080ed40 228       0.0000  (no localization information)  ld-2.14.1.so                   call_init
0000004000817960 227       0.0000  (no localization information)  ld-2.14.1.so                   __GI___sigsetjmp
000000400080b910 198       0.0000  (no localization information)  ld-2.14.1.so                   _dl_add_to_namespace_list
000000400080d070 187       0.0000  (no localization information)  ld-2.14.1.so                   openaux
00000040011f7a90 168       0.0000  (no localization information)  libc-2.14.1.so                 __new_exitfn
000000400080b850 162       0.0000  (no localization information)  ld-2.14.1.so                   _dl_setup_hash
00000040012497c0 161       0.0000  (no localization information)  libc-2.14.1.so                 strchrnul
0000004000815b70 144       0.0000  (no localization information)  ld-2.14.1.so                   calloc
000000400080fef0 144       0.0000  (no localization information)  ld-2.14.1.so                   _dl_higher_prime_number
0000004000802b30 138       0.0000  (no localization information)  ld-2.14.1.so                   process_envvars
00000040008062f0 128       0.0000  (no localization information)  ld-2.14.1.so                   fillin_rpath
00000040008118c0 121       0.0000  (no localization information)  ld-2.14.1.so                   _dl_allocate_tls_init
000000400080be90 114       0.0000  (no localization information)  ld-2.14.1.so                   _dl_protect_relro
00000040008026a0 110       0.0000  (no localization information)  ld-2.14.1.so                   rtld_lock_default_lock_recursive
00000040008026b0 110       0.0000  (no localization information)  ld-2.14.1.so                   rtld_lock_default_unlock_recursive
00000040008114e0 108       0.0000  (no localization information)  ld-2.14.1.so                   _dl_determine_tlsoffset
00000040011e0fb0 105       0.0000  (no localization information)  libc-2.14.1.so                 _init
00000040008107f0 103       0.0000  (no localization information)  ld-2.14.1.so                   _dl_check_all_versions
0000004000817640 102       0.0000  (no localization information)  ld-2.14.1.so                   __libc_open
0000004000815b60 102       0.0000  (no localization information)  ld-2.14.1.so                   malloc
00000040012345f0 99        0.0000  (no localization information)  libc-2.14.1.so                 _IO_cleanup
0000004001234360 98        0.0000  (no localization information)  libc-2.14.1.so                 _IO_flush_all_lockp
00000040012268c0 98        0.0000  (no localization information)  libc-2.14.1.so                 _IO_file_doallocate_internal
000000400080ee80 96        0.0000  (no localization information)  ld-2.14.1.so                   _dl_init
0000004000817810 96        0.0000  (no localization information)  ld-2.14.1.so                   __mmap
00000040008157d0 93        0.0000  (no localization information)  ld-2.14.1.so                   _dl_discover_osversion
00000040011f7910 93        0.0000  (no localization information)  libc-2.14.1.so                 __run_exit_handlers
00000040011f7c00 92        0.0000  (no localization information)  libc-2.14.1.so                 __internal_atexit
000000400124eb10 84        0.0000  (no localization information)  libc-2.14.1.so                 handle_amd
0000004001233db0 80        0.0000  (no localization information)  libc-2.14.1.so                 _IO_default_xsputn
0000004000801f14 78        0.0000  (no localization information)  ld-2.14.1.so                   init_tls.part.3
0000004000808950 72        0.0000  (no localization information)  ld-2.14.1.so                   cache_rpath
0000004001232e40 69        0.0000  (no localization information)  libc-2.14.1.so                 _IO_new_file_overflow
0000004000806290 68        0.0000  (no localization information)  ld-2.14.1.so                   local_strdup
000000400080f5b0 63        0.0000  (no localization information)  ld-2.14.1.so                   _dl_debug_initialize
00000040011e0cc0 61        0.0000  (no localization information)  libc-2.14.1.so                 init_cacheinfo
00000040011e1150 57        0.0000  (no localization information)  libc-2.14.1.so                 __libc_start_main
0000004001233c90 53        0.0000  (no localization information)  libc-2.14.1.so                 _IO_setb
0000004001241c10 51        0.0000  (no localization information)  libc-2.14.1.so                 __GI_strrchr
00000040008175c0 50        0.0000  (no localization information)  ld-2.14.1.so                   __GI___fxstat
0000004000817870 50        0.0000  (no localization information)  ld-2.14.1.so                   mprotect
0000004000817580 49        0.0000  (no localization information)  ld-2.14.1.so                   __xstat
00000040012d2c20 48        0.0000  (no localization information)  libc-2.14.1.so                 _dl_vdso_vsym
0000004001231800 47        0.0000  (no localization information)  libc-2.14.1.so                 new_do_write
0000004000811fa0 42        0.0000  (no localization information)  ld-2.14.1.so                   _dl_add_to_slotinfo
000000400080fbd0 42        0.0000  (no localization information)  ld-2.14.1.so                   _dl_sysdep_read_whole_file
0000004001231940 37        0.0000  (no localization information)  libc-2.14.1.so                 _IO_new_file_write
00000040012287b0 33        0.0000  (no localization information)  libc-2.14.1.so                 _IO_padn
00000040011e1510 32        0.0000  (no localization information)  libc-2.14.1.so                 __init_cpu_features
0000004001233f30 31        0.0000  (no localization information)  libc-2.14.1.so                 _IO_default_setbuf
000000400080ecc0 28        0.0000  (no localization information)  ld-2.14.1.so                   _dl_receive_error
0000004001233d20 26        0.0000  (no localization information)  libc-2.14.1.so                 _IO_doallocbuf_internal
0000000000400fc0 25        0.0000  (no localization information)  sha                            __libc_csu_init
0000004000817670 25        0.0000  (no localization information)  ld-2.14.1.so                   __libc_close
0000004000802690 24        0.0000  (no localization information)  ld-2.14.1.so                   _dl_initial_error_catch_tsd
00000040012a85e0 24        0.0000  (no localization information)  libc-2.14.1.so                 __unregister_atfork
000000400129af70 24        0.0000  (no localization information)  libc-2.14.1.so                 __init_misc
0000004000803210 22        0.0000  (no localization information)  ld-2.14.1.so                   security_init
000000400120f2f0 21        0.0000  (no localization information)  libc-2.14.1.so                 __printf
00000040008176a0 20        0.0000  (no localization information)  ld-2.14.1.so                   __read
000000400128c450 20        0.0000  (no localization information)  libc-2.14.1.so                 __GI___fxstat64
0000004001232bc0 19        0.0000  (no localization information)  libc-2.14.1.so                 _IO_do_write_internal
00000040008113a0 19        0.0000  (no localization information)  ld-2.14.1.so                   allocate_dtv
0000004000816100 17        0.0000  (no localization information)  ld-2.14.1.so                   __sbrk
0000004000811400 16        0.0000  (no localization information)  ld-2.14.1.so                   _dl_next_tls_modid
0000004001231f00 15        0.0000  (no localization information)  libc-2.14.1.so                 _IO_new_file_setbuf
00000040011e0f70 14        0.0000  (no localization information)  libc-2.14.1.so                 __libc_global_ctors
000000400123ad10 14        0.0000  (no localization information)  libc-2.14.1.so                 cfree
0000004001231e40 13        0.0000  (no localization information)  libc-2.14.1.so                 _IO_file_sync@@GLIBC_2.2.5
0000004000815bb0 12        0.0000  (no localization information)  ld-2.14.1.so                   free
0000004001297e70 12        0.0000  (no localization information)  libc-2.14.1.so                 __GI_mmap
0000000000401098 12        0.0000  (no localization information)  sha                            _fini
00000040008160b0 11        0.0000  (no localization information)  ld-2.14.1.so                   brk
0000004000817700 11        0.0000  (no localization information)  ld-2.14.1.so                   __access
0000004000809ef0 10        0.0000  (no localization information)  ld-2.14.1.so                   _dl_unload_cache
0000004000805b40 10        0.0000  (no localization information)  ld-2.14.1.so                   version_check_doit
00000040011f4ba0 9         0.0000  (no localization information)  libc-2.14.1.so                 __sigjmp_save
0000004001269c70 9         0.0000  (no localization information)  libc-2.14.1.so                 _Exit
0000004001233080 8         0.0000  (no localization information)  libc-2.14.1.so                 _IO_file_stat_internal
00000040011f7c70 8         0.0000  (no localization information)  libc-2.14.1.so                 __cxa_atexit_internal
000000400128d1c0 7         0.0000  (no localization information)  libc-2.14.1.so                 write
00000040011e0f40 7         0.0000  (no localization information)  libc-2.14.1.so                 __libc_fini
0000004000817840 5         0.0000  (no localization information)  ld-2.14.1.so                   __munmap
00000040008178d0 5         0.0000  (no localization information)  ld-2.14.1.so                   uname
00000040011f7a10 4         0.0000  (no localization information)  libc-2.14.1.so                 __GI_exit
00000040011f4be0 2         0.0000  (no localization information)  libc-2.14.1.so                 __GI__setjmp
000000400080f5a0 2         0.0000  (no localization information)  ld-2.14.1.so                   __GI__dl_debug_state
0000004000814e90 1         0.0000  (no localization information)  ld-2.14.1.so                   _dl_sysdep_start_cleanup
user 0.586648
